<!doctype html>
<html class="no-js">
    <head>
        <meta charset="utf-8">
        <style>.blue{color:#00f}.green{color:green}</style>
        <link rel="stylesheet" href="css/main.css" media="print" onload="this.media='test'">
        <link rel="stylesheet" href="css/simple.css" media="print">
        <style>
            .red {
                color: red;
            }
        </style>
    </head>
    <body>
        <div class="container">
            Test
        </div>
        <noscript><link rel="stylesheet" href="css/main.css" media="test"></noscript>
    </body>
</html>
