<!doctype html>
<html class="no-js">
    <head>
        <meta charset="utf-8">
        <style>.blue{color:#00f}.red{color:red}.green{color:green}</style>
    </head>
    <body>
        <div class="container">
            replace stylesheets test
        </div>
        <link rel="stylesheet" href="/css/replaced.css">
    </body>
</html>
