<!doctype html>
<html class="no-js">
    <head>
        <meta charset="utf-8">
        <style>.blue{color:#00f}.green{color:green}</style>
        <link rel="preload" href="css/main.css" as="style" onload="this.onload=null;this.rel='stylesheet'">
        <style>
            .red {
                color: red;
            }
        </style>
    </head>
    <body>
        <div class="container">
            Test
        </div>
        <noscript><link rel="stylesheet" href="css/main.css"></noscript>
    </body>
</html>
