<!doctype html>
<html class="no-js">
    <head>
        <meta charset="utf-8">
        <style>.blue{color:#00f}.green{color:green}</style>
        <style>
            .red {
                color: red;
            }
        </style>
    </head>
    <body>
        <div class="container">
            Test
        </div>
        <link rel="stylesheet" media="test" href="css/main.css">
    </body>
</html>
